Archive member included because of file (symbol)

/home/andresdido/workspace/CMSISv1p30_LPC17xx/Debug/libCMSISv1p30_LPC17xx.a(system_LPC17xx.o)
                              ./cr_startup_lpc17.o (SystemInit)
/home/andresdido/workspace/FreeRTOS_Library/Debug/libFreeRTOS_Library.a(queue.o)
                              ./main.o (xQueueGenericReceive)
/home/andresdido/workspace/FreeRTOS_Library/Debug/libFreeRTOS_Library.a(tasks.o)
                              /home/andresdido/workspace/FreeRTOS_Library/Debug/libFreeRTOS_Library.a(queue.o) (vTaskSuspendAll)
/home/andresdido/workspace/FreeRTOS_Library/Debug/libFreeRTOS_Library.a(heap_2.o)
                              /home/andresdido/workspace/FreeRTOS_Library/Debug/libFreeRTOS_Library.a(queue.o) (vPortFree)
/home/andresdido/workspace/FreeRTOS_Library/Debug/libFreeRTOS_Library.a(port.o)
                              /home/andresdido/workspace/FreeRTOS_Library/Debug/libFreeRTOS_Library.a(tasks.o) (pxPortInitialiseStack)
/home/andresdido/workspace/FreeRTOS_Library/Debug/libFreeRTOS_Library.a(consoleprint.o)
                              ./main.o (consoleprint)
/home/andresdido/workspace/FreeRTOS_Library/Debug/libFreeRTOS_Library.a(list.o)
                              /home/andresdido/workspace/FreeRTOS_Library/Debug/libFreeRTOS_Library.a(queue.o) (vListInitialise)
/usr/local/LPCXpresso/tools/bin/../lib/gcc/arm-none-eabi/4.4.1/../../../../arm-none-eabi/lib/thumb2/libcr_semihost.a(__sys_write.o)
                              /home/andresdido/workspace/FreeRTOS_Library/Debug/libFreeRTOS_Library.a(consoleprint.o) (__write)
/usr/local/LPCXpresso/tools/bin/../lib/gcc/arm-none-eabi/4.4.1/../../../../arm-none-eabi/lib/thumb2/libcr_c.a(fpprintf.o)
                              ./main.o (sprintf)
/usr/local/LPCXpresso/tools/bin/../lib/gcc/arm-none-eabi/4.4.1/../../../../arm-none-eabi/lib/thumb2/libcr_c.a(memcmp.o)
                              /home/andresdido/workspace/FreeRTOS_Library/Debug/libFreeRTOS_Library.a(tasks.o) (memcmp)
/usr/local/LPCXpresso/tools/bin/../lib/gcc/arm-none-eabi/4.4.1/../../../../arm-none-eabi/lib/thumb2/libcr_c.a(printf.o)
                              /usr/local/LPCXpresso/tools/bin/../lib/gcc/arm-none-eabi/4.4.1/../../../../arm-none-eabi/lib/thumb2/libcr_c.a(fpprintf.o) (__vfprintf)
/usr/local/LPCXpresso/tools/bin/../lib/gcc/arm-none-eabi/4.4.1/../../../../arm-none-eabi/lib/thumb2/libcr_c.a(stdio.o)
                              /usr/local/LPCXpresso/tools/bin/../lib/gcc/arm-none-eabi/4.4.1/../../../../arm-none-eabi/lib/thumb2/libcr_c.a(fpprintf.o) (__Ciob)
/usr/local/LPCXpresso/tools/bin/../lib/gcc/arm-none-eabi/4.4.1/../../../../arm-none-eabi/lib/thumb2/libcr_c.a(stdlib.o)
                              ./main.o (rand)
/usr/local/LPCXpresso/tools/bin/../lib/gcc/arm-none-eabi/4.4.1/../../../../arm-none-eabi/lib/thumb2/libcr_c.a(strlen.o)
                              /home/andresdido/workspace/FreeRTOS_Library/Debug/libFreeRTOS_Library.a(consoleprint.o) (strlen)
/usr/local/LPCXpresso/tools/bin/../lib/gcc/arm-none-eabi/4.4.1/../../../../arm-none-eabi/lib/thumb2/libcr_c.a(strncpy.o)
                              /home/andresdido/workspace/FreeRTOS_Library/Debug/libFreeRTOS_Library.a(tasks.o) (strncpy)
/usr/local/LPCXpresso/tools/bin/../lib/gcc/arm-none-eabi/4.4.1/../../../../arm-none-eabi/lib/thumb2/libcr_c.a(memcpy.o)
                              /home/andresdido/workspace/FreeRTOS_Library/Debug/libFreeRTOS_Library.a(queue.o) (memcpy)
/usr/local/LPCXpresso/tools/bin/../lib/gcc/arm-none-eabi/4.4.1/../../../../arm-none-eabi/lib/thumb2/libcr_c.a(memset.o)
                              /home/andresdido/workspace/FreeRTOS_Library/Debug/libFreeRTOS_Library.a(tasks.o) (memset)
/usr/local/LPCXpresso/tools/bin/../lib/gcc/arm-none-eabi/4.4.1/../../../../arm-none-eabi/lib/thumb2/libcr_c.a(__fillbuf.o)
                              /usr/local/LPCXpresso/tools/bin/../lib/gcc/arm-none-eabi/4.4.1/../../../../arm-none-eabi/lib/thumb2/libcr_c.a(stdio.o) (__filbuf)
/usr/local/LPCXpresso/tools/bin/../lib/gcc/arm-none-eabi/4.4.1/../../../../arm-none-eabi/lib/thumb2/libcr_c.a(_deferredlazyseek.o)
                              /usr/local/LPCXpresso/tools/bin/../lib/gcc/arm-none-eabi/4.4.1/../../../../arm-none-eabi/lib/thumb2/libcr_c.a(__fillbuf.o) (_deferredlazyseek)
/usr/local/LPCXpresso/tools/bin/../lib/gcc/arm-none-eabi/4.4.1/../../../../arm-none-eabi/lib/thumb2/libcr_c.a(_fflush.o)
                              /usr/local/LPCXpresso/tools/bin/../lib/gcc/arm-none-eabi/4.4.1/../../../../arm-none-eabi/lib/thumb2/libcr_c.a(__fillbuf.o) (_fflush)
/usr/local/LPCXpresso/tools/bin/../lib/gcc/arm-none-eabi/4.4.1/../../../../arm-none-eabi/lib/thumb2/libcr_c.a(_frexpl.o)
                              /usr/local/LPCXpresso/tools/bin/../lib/gcc/arm-none-eabi/4.4.1/../../../../arm-none-eabi/lib/thumb2/libcr_c.a(fpprintf.o) (_frexpl)
/usr/local/LPCXpresso/tools/bin/../lib/gcc/arm-none-eabi/4.4.1/../../../../arm-none-eabi/lib/thumb2/libcr_c.a(_ldexpl.o)
[...]
Memory Configuration

Name             Origin             Length             Attributes
MFlash512        0x00000000         0x00020000         xr
RamLoc32         0x10000000         0x00008000         xrw
RamAHB32         0x2007c000         0x00008000         xrw
*default*        0x00000000         0xffffffff

Linker script and memory map

LOAD ./cr_startup_lpc17.o
LOAD ./main.o
LOAD /home/andresdido/workspace/CMSISv1p30_LPC17xx/Debug/libCMSISv1p30_LPC17xx.a
LOAD /home/andresdido/workspace/FreeRTOS_Library/Debug/libFreeRTOS_Library.a
START GROUP
LOAD /usr/local/LPCXpresso/tools/bin/../lib/gcc/arm-none-eabi/4.4.1/../../../../arm-none-eabi/lib/thumb2/libcr_semihost.a
LOAD /usr/local/LPCXpresso/tools/bin/../lib/gcc/arm-none-eabi/4.4.1/../../../../arm-none-eabi/lib/thumb2/libcr_c.a
LOAD /usr/local/LPCXpresso/tools/bin/../lib/gcc/arm-none-eabi/4.4.1/thumb2/libcr_eabihelpers.a
END GROUP
                0x00080000                __top_MFlash512 = 0x80000
                0x10008000                __top_RamLoc32 = 0x10008000
                0x20084000                __top_RamAHB32 = 0x20084000

.text           0x00000000     0x4280
 FILL mask 0xff
 *(.isr_vector)
 .isr_vector    0x00000000       0xc4 ./cr_startup_lpc17.o
                0x00000000                g_pfnVectors
                0x000000c4                . = ALIGN (0x4)
                0x000000c4                __section_table_start = .
                0x000000c4                __data_section_table = .
                0x000000c4        0x4 LONG 0x4280 LOADADDR (.data)
                0x000000c8        0x4 LONG 0x10000000 ADDR (.data)
                0x000000cc        0x4 LONG 0xe8 SIZEOF (.data)
                0x000000d0        0x4 LONG 0x4280 LOADADDR (.data_RAM2)
                0x000000d4        0x4 LONG 0x2007c000 ADDR (.data_RAM2)
                0x000000d8        0x4 LONG 0x0 SIZEOF (.data_RAM2)
                0x000000dc                __data_section_table_end = .
                0x000000dc                __bss_section_table = .
                0x000000dc        0x4 LONG 0x100000e8 ADDR (.bss)
                0x000000e0        0x4 LONG 0x2978 SIZEOF (.bss)
                0x000000e4        0x4 LONG 0x2007c000 ADDR (.bss_RAM2)
                0x000000e8        0x4 LONG 0x0 SIZEOF (.bss_RAM2)
                0x000000ec                __bss_section_table_end = .
                0x000000ec                __section_table_end = .
 *(.after_vectors*)
 *(.text*)
 .text.Reset_Handler
                0x000000ec       0x78 ./cr_startup_lpc17.o
                0x000000ec                Reset_Handler
                0x000000ec                ResetISR
 .text.NMI_Handler
                0x00000164        0x8 ./cr_startup_lpc17.o
                0x00000164                NMI_Handler
 .text.HardFault_Handler
                0x0000016c        0x8 ./cr_startup_lpc17.o
                0x0000016c                HardFault_Handler
 .text.MemManage_Handler
                0x00000174        0x8 ./cr_startup_lpc17.o
                0x00000174                MemManage_Handler
 .text.BusFault_Handler
                0x0000017c        0x8 ./cr_startup_lpc17.o
                0x0000017c                BusFault_Handler
 .text.UsageFault_Handler
                0x00000184        0x8 ./cr_startup_lpc17.o
                0x00000184                UsageFault_Handler
 .text.DebugMon_Handler
                0x0000018c        0x8 ./cr_startup_lpc17.o
                0x0000018c                DebugMon_Handler
 .text.IntDefaultHandler
                0x00000194        0x8 ./cr_startup_lpc17.o
                0x00000194                TIMER2_IRQHandler
                0x00000194                RIT_IRQHandler
                0x00000194                I2C0_IRQHandler
                0x00000194                PWM1_IRQHandler
                0x00000194                I2C1_IRQHandler
                0x00000194                EINT2_IRQHandler
                0x00000194                UART1_IRQHandler
                0x00000194                EINT3_IRQHandler
                0x00000194                TIMER3_IRQHandler
                0x00000194                UART0_IRQHandler
                0x00000194                PLL0_IRQHandler
                0x00000194                CAN_IRQHandler
                0x00000194                PLL1_IRQHandler
                0x00000194                SSP0_IRQHandler
                0x00000194                I2S_IRQHandler
                0x00000194                I2C2_IRQHandler
                0x00000194                RTC_IRQHandler
                0x00000194                TIMER0_IRQHandler
                0x00000194                SPI_IRQHandler
                0x00000194                EINT1_IRQHandler
                0x00000194                TIMER1_IRQHandler
                0x00000194                UART2_IRQHandler
                0x00000194                ADC_IRQHandler
                0x00000194                SSP1_IRQHandler
                0x00000194                USB_IRQHandler
                0x00000194                BOD_IRQHandler
                0x00000194                WDT_IRQHandler
                0x00000194                QEI_IRQHandler
                0x00000194                EINT0_IRQHandler
                0x00000194                DMA_IRQHandler
                0x00000194                UART3_IRQHandler
                0x00000194                MCPWM_IRQHandler
                0x00000194                ENET_IRQHandler
 .text.main     0x0000019c       0xa4 ./main.o
                0x0000019c                main
 .text.prvNewPrintString
                0x00000240       0x6c ./main.o
 .text.prvPrintTask
                0x000002ac       0x28 ./main.o
 .text.vApplicationMallocFailedHook
                0x000002d4        0x8 ./main.o
                0x000002d4                vApplicationMallocFailedHook
 .text.vApplicationStackOverflowHook
                0x000002dc        0xc ./main.o
                0x000002dc                vApplicationStackOverflowHook
 .text.vApplicationIdleHook
                0x000002e8        0xc ./main.o
                0x000002e8                vApplicationIdleHook
 .text.vApplicationTickHook
                0x000002f4        0xc ./main.o
                0x000002f4                vApplicationTickHook
 .text.SystemInit
                0x00000300      0x214 /home/andresdido/workspace/CMSISv1p30_LPC17xx/Debug/libCMSISv1p30_LPC17xx.a(system_LPC17xx.o)
                0x00000300                SystemInit
 .text          0x00000514      0x4e0 /home/andresdido/workspace/FreeRTOS_Library/Debug/libFreeRTOS_Library.a(queue.o)
                0x00000514                uxQueueMessagesWaitingFromISR
                0x00000518                xQueueIsQueueEmptyFromISR
                0x00000524                xQueueIsQueueFullFromISR
                0x00000534                vQueueDelete
                0x00000548                uxQueueMessagesWaiting
                0x00000584                xQueueReceiveFromISR
                0x00000658                xQueueGenericReceive
                0x000007e0                xQueueGenericSendFromISR
                0x00000838                xQueueGenericSend
                0x00000924                xQueueCreateMutex
                0x00000970                xQueueCreate
                0x000009dc                xQueueCreateCountingSemaphore
 .text          0x000009f4      0xbd8 /home/andresdido/workspace/FreeRTOS_Library/Debug/libFreeRTOS_Library.a(tasks.o)
                0x000009f4                xTaskIsTaskSuspended
                0x00000a20                vTaskSuspendAll
                0x00000a34                uxTaskGetNumberOfTasks
                0x00000a40                vTaskSetTimeOutState
                0x00000a54                vTaskMissedYield
                0x00000a64                xTaskGetCurrentTaskHandle
                0x00000a70                vTaskPriorityDisinherit
                0x00000ac0                vTaskPriorityInherit
                0x00000b4c                xTaskRemoveFromEventList
                0x00000bd0                xTaskResumeFromISR
                0x00000c50                xTaskCheckForTimeOut
                0x00000cc4                xTaskGetTickCount
                0x00000cdc                uxTaskPriorityGet
                0x00000cfc                vTaskPlaceOnEventList
                0x00000d64                vTaskSwitchContext
                0x00000e54                vTaskIncrementTick
                0x00000f20                xTaskResumeAll
                0x00001018                vTaskResume
                0x00001090                vTaskSuspend
                0x000010ec                vTaskPrioritySet
                0x0000119c                vTaskDelay
                0x000011f0                vTaskDelayUntil
                0x00001284                vTaskDelete
                0x00001300                vTaskEndScheduler
                0x00001388                xTaskGenericCreate
                0x00001578                vTaskStartScheduler
 .text          0x000015cc      0x13c /home/andresdido/workspace/FreeRTOS_Library/Debug/libFreeRTOS_Library.a(heap_2.o)
                0x000015cc                xPortGetFreeHeapSize
                0x000015d8                vPortInitialiseBlocks
                0x000015dc                vPortFree
                0x00001618                pvPortMalloc
 .text          0x00001708      0x154 /home/andresdido/workspace/FreeRTOS_Library/Debug/libFreeRTOS_Library.a(port.o)
                0x00001708                pxPortInitialiseStack
                0x0000172c                vPortSVCHandler
                0x0000174c                vPortStartFirstTask
                0x00001758                vPortEndScheduler
                0x0000175c                vPortYieldFromISR
                0x0000176c                vPortEnterCritical
                0x00001788                vPortExitCritical
                0x000017a4                xPortPendSVHandler
                0x000017e0                xPortStartScheduler
                0x00001830                xPortSysTickHandler
 .text          0x0000185c       0x18 /home/andresdido/workspace/FreeRTOS_Library/Debug/libFreeRTOS_Library.a(consoleprint.o)
                0x0000185c                consoleprint
 .text          0x00001874       0xa4 /home/andresdido/workspace/FreeRTOS_Library/Debug/libFreeRTOS_Library.a(list.o)
                0x00001874                vListInitialise
                0x0000188c                vListInitialiseItem
                0x00001894                vListInsertEnd
                0x000018b4                vListInsert
                0x000018f0                vListRemove
 .text.__sys_write
                0x00001918        0xc /usr/local/LPCXpresso/tools/bin/../lib/gcc/arm-none-eabi/4.4.1/../../../../arm-none-eabi/lib/thumb2/libcr_semihost.a(__sys_write.o)
                0x00001918                __write
                0x00001918                __sys_write
 .text.fp_round
                0x00001924       0x56 /usr/local/LPCXpresso/tools/bin/../lib/gcc/arm-none-eabi/4.4.1/../../../../arm-none-eabi/lib/thumb2/libcr_c.a(fpprintf.o)
 .text.lose_trailing_zeros
                0x0000197a       0x1e /usr/local/LPCXpresso/tools/bin/../lib/gcc/arm-none-eabi/4.4.1/../../../../arm-none-eabi/lib/thumb2/libcr_c.a(fpprintf.o)
 .text.sprintf  0x00001998       0x6c /usr/local/LPCXpresso/tools/bin/../lib/gcc/arm-none-eabi/4.4.1/../../../../arm-none-eabi/lib/thumb2/libcr_c.a(fpprintf.o)
                0x00001998                sprintf
 .text.T.118    0x00001a04       0x22 /usr/local/LPCXpresso/tools/bin/../lib/gcc/arm-none-eabi/4.4.1/../../../../arm-none-eabi/lib/thumb2/libcr_c.a(fpprintf.o)
 *fill*         0x00001a26        0x2 00
 .text.fp_display
                0x00001a28      0x928 /usr/local/LPCXpresso/tools/bin/../lib/gcc/arm-none-eabi/4.4.1/../../../../arm-none-eabi/lib/thumb2/libcr_c.a(fpprintf.o)
 .text.memcmp   0x00002350       0x40 /usr/local/LPCXpresso/tools/bin/../lib/gcc/arm-none-eabi/4.4.1/../../../../arm-none-eabi/lib/thumb2/libcr_c.a(memcmp.o)
                0x00002350                memcmp
 .text.__vfprintf
                0x00002390      0xd64 /usr/local/LPCXpresso/tools/bin/../lib/gcc/arm-none-eabi/4.4.1/../../../../arm-none-eabi/lib/thumb2/libcr_c.a(printf.o)
                0x00002390                __vfprintf
 .text.rand     0x000030f4       0x3c /usr/local/LPCXpresso/tools/bin/../lib/gcc/arm-none-eabi/4.4.1/../../../../arm-none-eabi/lib/thumb2/libcr_c.a(stdlib.o)
                0x000030f4                rand
 .text.srand    0x00003130       0x3c /usr/local/LPCXpresso/tools/bin/../lib/gcc/arm-none-eabi/4.4.1/../../../../arm-none-eabi/lib/thumb2/libcr_c.a(stdlib.o)
                0x00003130                srand
 .text.strlen   0x0000316c       0x4c /usr/local/LPCXpresso/tools/bin/../lib/gcc/arm-none-eabi/4.4.1/../../../../arm-none-eabi/lib/thumb2/libcr_c.a(strlen.o)
                0x0000316c                strlen
 .text.strncpy  0x000031b8       0x60 /usr/local/LPCXpresso/tools/bin/../lib/gcc/arm-none-eabi/4.4.1/../../../../arm-none-eabi/lib/thumb2/libcr_c.a(strncpy.o)
                0x000031b8                strncpy
 .text.memcpy   0x00003218        0x4 /usr/local/LPCXpresso/tools/bin/../lib/gcc/arm-none-eabi/4.4.1/../../../../arm-none-eabi/lib/thumb2/libcr_c.a(memcpy.o)
                0x00003218                memcpy
 .text.memset   0x0000321c        0x4 /usr/local/LPCXpresso/tools/bin/../lib/gcc/arm-none-eabi/4.4.1/../../../../arm-none-eabi/lib/thumb2/libcr_c.a(memset.o)
                0x0000321c                memset
 .text._deferredlazyseek
                0x00003220       0x44 /usr/local/LPCXpresso/tools/bin/../lib/gcc/arm-none-eabi/4.4.1/../../../../arm-none-eabi/lib/thumb2/libcr_c.a(_deferredlazyseek.o)
                0x00003220                _deferredlazyseek
 .text.__flsbuf
                0x00003264      0x152 /usr/local/LPCXpresso/tools/bin/../lib/gcc/arm-none-eabi/4.4.1/../../../../arm-none-eabi/lib/thumb2/libcr_c.a(_deferredlazyseek.o)
                0x00003264                __flsbuf
 .text._fflush  0x000033b6       0x52 /usr/local/LPCXpresso/tools/bin/../lib/gcc/arm-none-eabi/4.4.1/../../../../arm-none-eabi/lib/thumb2/libcr_c.a(_fflush.o)
                0x000033b6                _fflush
 .text._frexpl  0x00003408       0x64 /usr/local/LPCXpresso/tools/bin/../lib/gcc/arm-none-eabi/4.4.1/../../../../arm-none-eabi/lib/thumb2/libcr_c.a(_frexpl.o)
                0x00003408                _frexpl
 .text._ldexpl  0x0000346c       0x4c /usr/local/LPCXpresso/tools/bin/../lib/gcc/arm-none-eabi/4.4.1/../../../../arm-none-eabi/lib/thumb2/libcr_c.a(_ldexpl.o)
                0x0000346c                _ldexpl
 .text._Cwritebuf
                0x000034b8       0x88 /usr/local/LPCXpresso/tools/bin/../lib/gcc/arm-none-eabi/4.4.1/../../../../arm-none-eabi/lib/thumb2/libcr_c.a(_writebuf.o)
                0x000034b8                _Cwritebuf
 .text.malloc   0x00003540       0xbc /usr/local/LPCXpresso/tools/bin/../lib/gcc/arm-none-eabi/4.4.1/../../../../arm-none-eabi/lib/thumb2/libcr_c.a(alloc.o)
                0x00003540                malloc
 .text._Csys_alloc
                0x000035fc       0x20 /usr/local/LPCXpresso/tools/bin/../lib/gcc/arm-none-eabi/4.4.1/../../../../arm-none-eabi/lib/thumb2/libcr_c.a(alloc.o)
                0x000035fc                _Csys_alloc
 .text.fseek    0x0000361c      0x118 /usr/local/LPCXpresso/tools/bin/../lib/gcc/arm-none-eabi/4.4.1/../../../../arm-none-eabi/lib/thumb2/libcr_c.a(fseek.o)
                0x0000361c                fseek
 .text.ftell    0x00003734       0x50 /usr/local/LPCXpresso/tools/bin/../lib/gcc/arm-none-eabi/4.4.1/../../../../arm-none-eabi/lib/thumb2/libcr_c.a(ftell.o)
                0x00003734                ftell
 .text.__aeabi_dmul
                0x00003784      0x12c /usr/local/LPCXpresso/tools/bin/../lib/gcc/arm-none-eabi/4.4.1/thumb2/libcr_eabihelpers.a(double.o)
                0x00003784                __aeabi_dmul
 .text.__aeabi_ddiv
                0x000038b0      0x144 /usr/local/LPCXpresso/tools/bin/../lib/gcc/arm-none-eabi/4.4.1/thumb2/libcr_eabihelpers.a(double.o)
                0x000038b0                __aeabi_ddiv
 .text.__aeabi_dsub
                0x000039f4      0x1dc /usr/local/LPCXpresso/tools/bin/../lib/gcc/arm-none-eabi/4.4.1/thumb2/libcr_eabihelpers.a(double.o)
                0x000039f4                __aeabi_dsub
 .text.__aeabi_dadd
                0x00003bd0      0x13c /usr/local/LPCXpresso/tools/bin/../lib/gcc/arm-none-eabi/4.4.1/thumb2/libcr_eabihelpers.a(double.o)
                0x00003bd0                __aeabi_dadd
 .text.__aeabi_d2iz
                0x00003d0c       0x3e /usr/local/LPCXpresso/tools/bin/../lib/gcc/arm-none-eabi/4.4.1/thumb2/libcr_eabihelpers.a(double.o)
                0x00003d0c                __aeabi_d2iz
 .text.__bhs_ui2d
                0x00003d4a       0x54 /usr/local/LPCXpresso/tools/bin/../lib/gcc/arm-none-eabi/4.4.1/thumb2/libcr_eabihelpers.a(double.o)
                0x00003d4a                __bhs_ui2d
 .text.__aeabi_i2d
                0x00003d9e       0x10 /usr/local/LPCXpresso/tools/bin/../lib/gcc/arm-none-eabi/4.4.1/thumb2/libcr_eabihelpers.a(double.o)
                0x00003d9e                __aeabi_i2d
 .text.__aeabi_dcmpeq
                0x00003dae       0x38 /usr/local/LPCXpresso/tools/bin/../lib/gcc/arm-none-eabi/4.4.1/thumb2/libcr_eabihelpers.a(double.o)
                0x00003dae                __aeabi_dcmpeq
 .text.__aeabi_dcmplt
                0x00003de6       0x5a /usr/local/LPCXpresso/tools/bin/../lib/gcc/arm-none-eabi/4.4.1/thumb2/libcr_eabihelpers.a(double.o)
                0x00003de6                __aeabi_dcmplt
 .text.__aeabi_dcmple
                0x00003e40       0x58 /usr/local/LPCXpresso/tools/bin/../lib/gcc/arm-none-eabi/4.4.1/thumb2/libcr_eabihelpers.a(double.o)
                0x00003e40                __aeabi_dcmple
 .text.__aeabi_dcmpge
                0x00003e98       0x5c /usr/local/LPCXpresso/tools/bin/../lib/gcc/arm-none-eabi/4.4.1/thumb2/libcr_eabihelpers.a(double.o)
                0x00003e98                __aeabi_dcmpge
 .text.__aeabi_memcpy
                0x00003ef4       0x26 /usr/local/LPCXpresso/tools/bin/../lib/gcc/arm-none-eabi/4.4.1/thumb2/libcr_eabihelpers.a(memcpy.o)
                0x00003ef4                __aeabi_memcpy
                0x00003ef4                __aeabi_memcpy4
                0x00003ef4                __aeabi_memcpy8
 .text.__aeabi_memset_lowlevel
                0x00003f1a       0x24 /usr/local/LPCXpresso/tools/bin/../lib/gcc/arm-none-eabi/4.4.1/thumb2/libcr_eabihelpers.a(memcpy.o)
                0x00003f1a                __aeabi_lowlevel_memset
 *fill*         0x00003f3e        0x2 00
 .text.__sys_appexit
                0x00003f40        0xc /usr/local/LPCXpresso/tools/bin/../lib/gcc/arm-none-eabi/4.4.1/../../../../arm-none-eabi/lib/thumb2/libcr_semihost.a(__sys_appexit.o)
                0x00003f40                __exit
                0x00003f40                __sys_appexit
 .text.__sys_flen
                0x00003f4c        0xc /usr/local/LPCXpresso/tools/bin/../lib/gcc/arm-none-eabi/4.4.1/../../../../arm-none-eabi/lib/thumb2/libcr_semihost.a(__sys_flen.o)
                0x00003f4c                __sys_flen
 .text.__sys_istty
                0x00003f58        0xc /usr/local/LPCXpresso/tools/bin/../lib/gcc/arm-none-eabi/4.4.1/../../../../arm-none-eabi/lib/thumb2/libcr_semihost.a(__sys_istty.o)
                0x00003f58                __sys_istty
 .text.__sys_seek
                0x00003f64        0xc /usr/local/LPCXpresso/tools/bin/../lib/gcc/arm-none-eabi/4.4.1/../../../../arm-none-eabi/lib/thumb2/libcr_semihost.a(__sys_seek.o)
                0x00003f64                __sys_seek
 .text._sbrk    0x00003f70       0x40 /usr/local/LPCXpresso/tools/bin/../lib/gcc/arm-none-eabi/4.4.1/../../../../arm-none-eabi/lib/thumb2/libcr_semihost.a(_cr_sbrk.o)
                0x00003f70                _sbrk
 .text.__check_heap_overflow
                0x00003fb0       0x2c /usr/local/LPCXpresso/tools/bin/../lib/gcc/arm-none-eabi/4.4.1/../../../../arm-none-eabi/lib/thumb2/libcr_semihost.a(_cr_check_heap.o)
                0x00003fb0                __check_heap_overflow
 *(.rodata .rodata.*)
 .rodata        0x00003fdc       0x7c ./main.o
 .rodata        0x00004058       0x14 /home/andresdido/workspace/FreeRTOS_Library/Debug/libFreeRTOS_Library.a(tasks.o)
 .rodata.str1.4
                0x0000406c        0x8 /home/andresdido/workspace/FreeRTOS_Library/Debug/libFreeRTOS_Library.a(tasks.o)
 .rodata.str1.1
                0x00004074       0x34 /usr/local/LPCXpresso/tools/bin/../lib/gcc/arm-none-eabi/4.4.1/../../../../arm-none-eabi/lib/thumb2/libcr_c.a(fpprintf.o)
                                 0x35 (size before relaxing)
 .rodata.str1.1
                0x000040a8       0x31 /usr/local/LPCXpresso/tools/bin/../lib/gcc/arm-none-eabi/4.4.1/../../../../arm-none-eabi/lib/thumb2/libcr_c.a(printf.o)
                                 0x38 (size before relaxing)
 .rodata.str1.1
                0x000040d9       0x18 /usr/local/LPCXpresso/tools/bin/../lib/gcc/arm-none-eabi/4.4.1/../../../../arm-none-eabi/lib/thumb2/libcr_c.a(alloc.o)
 *fill*         0x000040f1        0x3 00
 .rodata.__ctype
                0x000040f4      0x180 /usr/local/LPCXpresso/tools/bin/../lib/gcc/arm-none-eabi/4.4.1/../../../../arm-none-eabi/lib/thumb2/libcr_c.a(ctype.o)
                0x000040f4                __ctype
 *fill*         0x00004274        0x4 00
 .rodata.__huge_vall
                0x00004278        0x8 /usr/local/LPCXpresso/tools/bin/../lib/gcc/arm-none-eabi/4.4.1/../../../../arm-none-eabi/lib/thumb2/libcr_c.a(_hugeval.o)
                0x00004278                __huge_vall
                0x00004280                . = ALIGN (0x4)

.glue_7         0x00004280        0x0
 .glue_7        0x00000000        0x0 linker stubs

.glue_7t        0x00004280        0x0
 .glue_7t       0x00000000        0x0 linker stubs

.vfp11_veneer   0x00004280        0x0
 .vfp11_veneer  0x00000000        0x0 linker stubs

.v4_bx          0x00004280        0x0
 .v4_bx         0x00000000        0x0 linker stubs

.ARM.extab
 *(.ARM.extab* .gnu.linkonce.armextab.*)
                0x00004280                __exidx_start = .

.ARM.exidx
 *(.ARM.exidx* .gnu.linkonce.armexidx.*)
                0x00004280                __exidx_end = .
                0x00004280                _etext = .

.data_RAM2      0x2007c000        0x0 load address 0x00004280
 FILL mask 0xff
 *(.data.$RAM2*)
 *(.data.$RamAHB32*)
                0x2007c000                . = ALIGN (0x4)

.uninit_RESERVED
 *(.bss.$RESERVED*)

.data           0x10000000       0xe8 load address 0x00004280
 FILL mask 0xff
                0x10000000                _data = .
 *(vtable)
 *(.data*)
 .data          0x10000000        0x4 /home/andresdido/workspace/FreeRTOS_Library/Debug/libFreeRTOS_Library.a(port.o)
 .data._random_number_seed
                0x10000004       0xdc /usr/local/LPCXpresso/tools/bin/../lib/gcc/arm-none-eabi/4.4.1/../../../../arm-none-eabi/lib/thumb2/libcr_c.a(stdlib.o)
 .data._random_j
                0x100000e0        0x4 /usr/local/LPCXpresso/tools/bin/../lib/gcc/arm-none-eabi/4.4.1/../../../../arm-none-eabi/lib/thumb2/libcr_c.a(stdlib.o)
 .data._random_k
                0x100000e4        0x4 /usr/local/LPCXpresso/tools/bin/../lib/gcc/arm-none-eabi/4.4.1/../../../../arm-none-eabi/lib/thumb2/libcr_c.a(stdlib.o)
                0x100000e8                . = ALIGN (0x4)
                0x100000e8                _edata = .

.bss_RAM2       0x2007c000        0x0
 *(.bss.$RAM2*)
 *(.bss.$RamAHB32*)
                0x2007c000                . = ALIGN (0x4)

.bss            0x100000e8     0x2978
                0x100000e8                _bss = .
 *(.bss*)
 .bss           0x100000e8       0x50 ./main.o
 .bss           0x10000138      0x100 /home/andresdido/workspace/FreeRTOS_Library/Debug/libFreeRTOS_Library.a(tasks.o)
                0x10000174                pxCurrentTCB
 .bss           0x10000238     0x2818 /home/andresdido/workspace/FreeRTOS_Library/Debug/libFreeRTOS_Library.a(heap_2.o)
 .bss.errno     0x10002a50        0x4 /usr/local/LPCXpresso/tools/bin/../lib/gcc/arm-none-eabi/4.4.1/../../../../arm-none-eabi/lib/thumb2/libcr_c.a(errno.o)
                0x10002a50                errno
 *(COMMON)
 COMMON         0x10002a54        0x4 ./main.o
                0x10002a54                xMutex
 COMMON         0x10002a58        0x8 /usr/local/LPCXpresso/tools/bin/../lib/gcc/arm-none-eabi/4.4.1/../../../../arm-none-eabi/lib/thumb2/libcr_c.a(__init_alloc.o)
                0x10002a58                __heaps
                0x10002a5c                __end_of_heap
                0x10002a60                . = ALIGN (0x4)
                0x10002a60                _ebss = .
                0x10002a60                PROVIDE (end, .)
                0x10002a60                PROVIDE (_pvHeapStart, .)
                0x10008000                PROVIDE (_vStackTop, (__top_RamLoc32 - 0x0))
OUTPUT(Example15.axf elf32-littlearm)

.debug_abbrev   0x00000000      0xb3d
 .debug_abbrev  0x00000000       0xdf ./cr_startup_lpc17.o
 .debug_abbrev  0x000000df      0x10c ./main.o
 .debug_abbrev  0x000001eb       0xc6 /home/andresdido/workspace/CMSISv1p30_LPC17xx/Debug/libCMSISv1p30_LPC17xx.a(system_LPC17xx.o)
 .debug_abbrev  0x000002b1      0x1bf /home/andresdido/workspace/FreeRTOS_Library/Debug/libFreeRTOS_Library.a(queue.o)
 .debug_abbrev  0x00000470      0x272 /home/andresdido/workspace/FreeRTOS_Library/Debug/libFreeRTOS_Library.a(tasks.o)
 .debug_abbrev  0x000006e2      0x1b0 /home/andresdido/workspace/FreeRTOS_Library/Debug/libFreeRTOS_Library.a(heap_2.o)
 .debug_abbrev  0x00000892      0x148 /home/andresdido/workspace/FreeRTOS_Library/Debug/libFreeRTOS_Library.a(port.o)
 .debug_abbrev  0x000009da       0x77 /home/andresdido/workspace/FreeRTOS_Library/Debug/libFreeRTOS_Library.a(consoleprint.o)
 .debug_abbrev  0x00000a51       0xec /home/andresdido/workspace/FreeRTOS_Library/Debug/libFreeRTOS_Library.a(list.o)

.debug_info     0x00000000     0x249f
 .debug_info    0x00000000      0x1f4 ./cr_startup_lpc17.o
 .debug_info    0x000001f4      0x1f5 ./main.o
 .debug_info    0x000003e9      0x334 /home/andresdido/workspace/CMSISv1p30_LPC17xx/Debug/libCMSISv1p30_LPC17xx.a(system_LPC17xx.o)
 .debug_info    0x0000071d      0x7ee /home/andresdido/workspace/FreeRTOS_Library/Debug/libFreeRTOS_Library.a(queue.o)
 .debug_info    0x00000f0b      0xd77 /home/andresdido/workspace/FreeRTOS_Library/Debug/libFreeRTOS_Library.a(tasks.o)
 .debug_info    0x00001c82      0x2be /home/andresdido/workspace/FreeRTOS_Library/Debug/libFreeRTOS_Library.a(heap_2.o)
 .debug_info    0x00001f40      0x202 /home/andresdido/workspace/FreeRTOS_Library/Debug/libFreeRTOS_Library.a(port.o)
 .debug_info    0x00002142       0xa4 /home/andresdido/workspace/FreeRTOS_Library/Debug/libFreeRTOS_Library.a(consoleprint.o)
 .debug_info    0x000021e6      0x2b9 /home/andresdido/workspace/FreeRTOS_Library/Debug/libFreeRTOS_Library.a(list.o)

.debug_line     0x00000000     0x263a
 .debug_line    0x00000000      0x362 ./cr_startup_lpc17.o
 .debug_line    0x00000362      0x4bc ./main.o
 .debug_line    0x0000081e      0x31a /home/andresdido/workspace/CMSISv1p30_LPC17xx/Debug/libCMSISv1p30_LPC17xx.a(system_LPC17xx.o)
 .debug_line    0x00000b38      0x577 /home/andresdido/workspace/FreeRTOS_Library/Debug/libFreeRTOS_Library.a(queue.o)
 .debug_line    0x000010af      0x628 /home/andresdido/workspace/FreeRTOS_Library/Debug/libFreeRTOS_Library.a(tasks.o)
 .debug_line    0x000016d7      0x450 /home/andresdido/workspace/FreeRTOS_Library/Debug/libFreeRTOS_Library.a(heap_2.o)
 .debug_line    0x00001b27      0x445 /home/andresdido/workspace/FreeRTOS_Library/Debug/libFreeRTOS_Library.a(port.o)
 .debug_line    0x00001f6c      0x294 /home/andresdido/workspace/FreeRTOS_Library/Debug/libFreeRTOS_Library.a(consoleprint.o)
 .debug_line    0x00002200      0x43a /home/andresdido/workspace/FreeRTOS_Library/Debug/libFreeRTOS_Library.a(list.o)

.debug_macinfo  0x00000000    0x3f33d
 .debug_macinfo
                0x00000000     0x2716 ./cr_startup_lpc17.o
 .debug_macinfo
                0x00002716     0x94d4 ./main.o
 .debug_macinfo
                0x0000bbea     0x6df1 /home/andresdido/workspace/CMSISv1p30_LPC17xx/Debug/libCMSISv1p30_LPC17xx.a(system_LPC17xx.o)
 .debug_macinfo
                0x000129db     0x8e98 /home/andresdido/workspace/FreeRTOS_Library/Debug/libFreeRTOS_Library.a(queue.o)
 .debug_macinfo
                0x0001b873     0x916a /home/andresdido/workspace/FreeRTOS_Library/Debug/libFreeRTOS_Library.a(tasks.o)
 .debug_macinfo
                0x000249dd     0x8979 /home/andresdido/workspace/FreeRTOS_Library/Debug/libFreeRTOS_Library.a(heap_2.o)
 .debug_macinfo
                0x0002d356     0x87b6 /home/andresdido/workspace/FreeRTOS_Library/Debug/libFreeRTOS_Library.a(port.o)
 .debug_macinfo
                0x00035b0c     0x1592 /home/andresdido/workspace/FreeRTOS_Library/Debug/libFreeRTOS_Library.a(consoleprint.o)
 .debug_macinfo
                0x0003709e     0x829f /home/andresdido/workspace/FreeRTOS_Library/Debug/libFreeRTOS_Library.a(list.o)

.debug_loc      0x00000000     0x154a
 .debug_loc     0x00000000      0x1e5 ./cr_startup_lpc17.o
 .debug_loc     0x000001e5      0x15d ./main.o
 .debug_loc     0x00000342       0x56 /home/andresdido/workspace/CMSISv1p30_LPC17xx/Debug/libCMSISv1p30_LPC17xx.a(system_LPC17xx.o)
 .debug_loc     0x00000398      0x63a /home/andresdido/workspace/FreeRTOS_Library/Debug/libFreeRTOS_Library.a(queue.o)
 .debug_loc     0x000009d2      0x8f9 /home/andresdido/workspace/FreeRTOS_Library/Debug/libFreeRTOS_Library.a(tasks.o)
 .debug_loc     0x000012cb      0x18e /home/andresdido/workspace/FreeRTOS_Library/Debug/libFreeRTOS_Library.a(heap_2.o)
 .debug_loc     0x00001459       0x6f /home/andresdido/workspace/FreeRTOS_Library/Debug/libFreeRTOS_Library.a(port.o)
 .debug_loc     0x000014c8       0x3d /home/andresdido/workspace/FreeRTOS_Library/Debug/libFreeRTOS_Library.a(consoleprint.o)
 .debug_loc     0x00001505       0x45 /home/andresdido/workspace/FreeRTOS_Library/Debug/libFreeRTOS_Library.a(list.o)

.debug_pubnames
                0x00000000      0x792
 .debug_pubnames
                0x00000000       0xec ./cr_startup_lpc17.o
 .debug_pubnames
                0x000000ec       0x9b ./main.o
 .debug_pubnames
                0x00000187       0x4f /home/andresdido/workspace/CMSISv1p30_LPC17xx/Debug/libCMSISv1p30_LPC17xx.a(system_LPC17xx.o)
 .debug_pubnames
                0x000001d6      0x149 /home/andresdido/workspace/FreeRTOS_Library/Debug/libFreeRTOS_Library.a(queue.o)
 .debug_pubnames
                0x0000031f      0x26e /home/andresdido/workspace/FreeRTOS_Library/Debug/libFreeRTOS_Library.a(tasks.o)
 .debug_pubnames
                0x0000058d       0x64 /home/andresdido/workspace/FreeRTOS_Library/Debug/libFreeRTOS_Library.a(heap_2.o)
 .debug_pubnames
                0x000005f1      0x10d /home/andresdido/workspace/FreeRTOS_Library/Debug/libFreeRTOS_Library.a(port.o)
 .debug_pubnames
                0x000006fe       0x23 /home/andresdido/workspace/FreeRTOS_Library/Debug/libFreeRTOS_Library.a(consoleprint.o)
 .debug_pubnames
                0x00000721       0x71 /home/andresdido/workspace/FreeRTOS_Library/Debug/libFreeRTOS_Library.a(list.o)

.debug_aranges  0x00000000      0x1a8
 .debug_aranges
                0x00000000       0x70 ./cr_startup_lpc17.o
 .debug_aranges
                0x00000070       0x50 ./main.o
 .debug_aranges
                0x000000c0       0x28 /home/andresdido/workspace/CMSISv1p30_LPC17xx/Debug/libCMSISv1p30_LPC17xx.a(system_LPC17xx.o)
 .debug_aranges
                0x000000e8       0x20 /home/andresdido/workspace/FreeRTOS_Library/Debug/libFreeRTOS_Library.a(queue.o)
 .debug_aranges
                0x00000108       0x20 /home/andresdido/workspace/FreeRTOS_Library/Debug/libFreeRTOS_Library.a(tasks.o)
 .debug_aranges
                0x00000128       0x20 /home/andresdido/workspace/FreeRTOS_Library/Debug/libFreeRTOS_Library.a(heap_2.o)
 .debug_aranges
                0x00000148       0x20 /home/andresdido/workspace/FreeRTOS_Library/Debug/libFreeRTOS_Library.a(port.o)
 .debug_aranges
                0x00000168       0x20 /home/andresdido/workspace/FreeRTOS_Library/Debug/libFreeRTOS_Library.a(consoleprint.o)
 .debug_aranges
                0x00000188       0x20 /home/andresdido/workspace/FreeRTOS_Library/Debug/libFreeRTOS_Library.a(list.o)

.debug_ranges   0x00000000      0x118
 .debug_ranges  0x00000000       0x68 ./cr_startup_lpc17.o
 .debug_ranges  0x00000068       0x48 ./main.o
 .debug_ranges  0x000000b0       0x20 /home/andresdido/workspace/CMSISv1p30_LPC17xx/Debug/libCMSISv1p30_LPC17xx.a(system_LPC17xx.o)
 .debug_ranges  0x000000d0       0x48 /home/andresdido/workspace/FreeRTOS_Library/Debug/libFreeRTOS_Library.a(tasks.o)

.debug_str      0x00000000     0x119d
 .debug_str     0x00000000      0x192 ./cr_startup_lpc17.o
                                0x1c6 (size before relaxing)
 .debug_str     0x00000192      0x111 ./main.o
                                0x1d8 (size before relaxing)
 .debug_str     0x000002a3      0x1a8 /home/andresdido/workspace/CMSISv1p30_LPC17xx/Debug/libCMSISv1p30_LPC17xx.a(system_LPC17xx.o)
                                0x23a (size before relaxing)
 .debug_str     0x0000044b      0x409 /home/andresdido/workspace/FreeRTOS_Library/Debug/libFreeRTOS_Library.a(queue.o)
                                0x4de (size before relaxing)
 .debug_str     0x00000854      0x616 /home/andresdido/workspace/FreeRTOS_Library/Debug/libFreeRTOS_Library.a(tasks.o)
                                0x80f (size before relaxing)
 .debug_str     0x00000e6a      0x150 /home/andresdido/workspace/FreeRTOS_Library/Debug/libFreeRTOS_Library.a(heap_2.o)
                                0x22d (size before relaxing)
 .debug_str     0x00000fba      0x11a /home/andresdido/workspace/FreeRTOS_Library/Debug/libFreeRTOS_Library.a(port.o)
                                0x216 (size before relaxing)
 .debug_str     0x000010d4       0x37 /home/andresdido/workspace/FreeRTOS_Library/Debug/libFreeRTOS_Library.a(consoleprint.o)
                                 0xb7 (size before relaxing)
 .debug_str     0x0000110b       0x92 /home/andresdido/workspace/FreeRTOS_Library/Debug/libFreeRTOS_Library.a(list.o)
                                0x211 (size before relaxing)

.comment        0x00000000      0x70e
 .comment       0x00000000       0x2b ./cr_startup_lpc17.o
 .comment       0x0000002b       0x2b ./main.o
 .comment       0x00000056       0x2b /home/andresdido/workspace/CMSISv1p30_LPC17xx/Debug/libCMSISv1p30_LPC17xx.a(system_LPC17xx.o)
 .comment       0x00000081       0x2b /home/andresdido/workspace/FreeRTOS_Library/Debug/libFreeRTOS_Library.a(queue.o)
 .comment       0x000000ac       0x2b /home/andresdido/workspace/FreeRTOS_Library/Debug/libFreeRTOS_Library.a(tasks.o)
 .comment       0x000000d7       0x2b /home/andresdido/workspace/FreeRTOS_Library/Debug/libFreeRTOS_Library.a(heap_2.o)
 .comment       0x00000102       0x2b /home/andresdido/workspace/FreeRTOS_Library/Debug/libFreeRTOS_Library.a(port.o)
 .comment       0x0000012d       0x2b /home/andresdido/workspace/FreeRTOS_Library/Debug/libFreeRTOS_Library.a(consoleprint.o)
 .comment       0x00000158       0x2b /home/andresdido/workspace/FreeRTOS_Library/Debug/libFreeRTOS_Library.a(list.o)
 .comment       0x00000183       0x2b /usr/local/LPCXpresso/tools/bin/../lib/gcc/arm-none-eabi/4.4.1/../../../../arm-none-eabi/lib/thumb2/libcr_c.a(fpprintf.o)
 .comment       0x000001ae       0x2b /usr/local/LPCXpresso/tools/bin/../lib/gcc/arm-none-eabi/4.4.1/../../../../arm-none-eabi/lib/thumb2/libcr_c.a(memcmp.o)
 .comment       0x000001d9       0x2b /usr/local/LPCXpresso/tools/bin/../lib/gcc/arm-none-eabi/4.4.1/../../../../arm-none-eabi/lib/thumb2/libcr_c.a(printf.o)
 .comment       0x00000204       0x2b /usr/local/LPCXpresso/tools/bin/../lib/gcc/arm-none-eabi/4.4.1/../../../../arm-none-eabi/lib/thumb2/libcr_c.a(stdio.o)
 .comment       0x0000022f       0x2b /usr/local/LPCXpresso/tools/bin/../lib/gcc/arm-none-eabi/4.4.1/../../../../arm-none-eabi/lib/thumb2/libcr_c.a(stdlib.o)
 .comment       0x0000025a       0x2b /usr/local/LPCXpresso/tools/bin/../lib/gcc/arm-none-eabi/4.4.1/../../../../arm-none-eabi/lib/thumb2/libcr_c.a(strlen.o)
 .comment       0x00000285       0x2b /usr/local/LPCXpresso/tools/bin/../lib/gcc/arm-none-eabi/4.4.1/../../../../arm-none-eabi/lib/thumb2/libcr_c.a(strncpy.o)
 .comment       0x000002b0       0x2b /usr/local/LPCXpresso/tools/bin/../lib/gcc/arm-none-eabi/4.4.1/../../../../arm-none-eabi/lib/thumb2/libcr_c.a(memcpy.o)
 .comment       0x000002db       0x2b /usr/local/LPCXpresso/tools/bin/../lib/gcc/arm-none-eabi/4.4.1/../../../../arm-none-eabi/lib/thumb2/libcr_c.a(memset.o)
 .comment       0x00000306       0x2b /usr/local/LPCXpresso/tools/bin/../lib/gcc/arm-none-eabi/4.4.1/../../../../arm-none-eabi/lib/thumb2/libcr_c.a(__fillbuf.o)
 .comment       0x00000331       0x2b /usr/local/LPCXpresso/tools/bin/../lib/gcc/arm-none-eabi/4.4.1/../../../../arm-none-eabi/lib/thumb2/libcr_c.a(_deferredlazyseek.o)
 .comment       0x0000035c       0x2b /usr/local/LPCXpresso/tools/bin/../lib/gcc/arm-none-eabi/4.4.1/../../../../arm-none-eabi/lib/thumb2/libcr_c.a(_fflush.o)
 .comment       0x00000387       0x2b /usr/local/LPCXpresso/tools/bin/../lib/gcc/arm-none-eabi/4.4.1/../../../../arm-none-eabi/lib/thumb2/libcr_c.a(_frexpl.o)
 .comment       0x000003b2       0x2b /usr/local/LPCXpresso/tools/bin/../lib/gcc/arm-none-eabi/4.4.1/../../../../arm-none-eabi/lib/thumb2/libcr_c.a(_ldexpl.o)
 .comment       0x000003dd       0x2b /usr/local/LPCXpresso/tools/bin/../lib/gcc/arm-none-eabi/4.4.1/../../../../arm-none-eabi/lib/thumb2/libcr_c.a(_writebuf.o)
 .comment       0x00000408       0x2b /usr/local/LPCXpresso/tools/bin/../lib/gcc/arm-none-eabi/4.4.1/../../../../arm-none-eabi/lib/thumb2/libcr_c.a(alloc.o)
 .comment       0x00000433       0x2b /usr/local/LPCXpresso/tools/bin/../lib/gcc/arm-none-eabi/4.4.1/../../../../arm-none-eabi/lib/thumb2/libcr_c.a(ctype.o)
 .comment       0x0000045e       0x2b /usr/local/LPCXpresso/tools/bin/../lib/gcc/arm-none-eabi/4.4.1/../../../../arm-none-eabi/lib/thumb2/libcr_c.a(errno.o)
 .comment       0x00000489       0x2b /usr/local/LPCXpresso/tools/bin/../lib/gcc/arm-none-eabi/4.4.1/../../../../arm-none-eabi/lib/thumb2/libcr_c.a(fseek.o)
 .comment       0x000004b4       0x2b /usr/local/LPCXpresso/tools/bin/../lib/gcc/arm-none-eabi/4.4.1/../../../../arm-none-eabi/lib/thumb2/libcr_c.a(ftell.o)
 .comment       0x000004df       0x2b /usr/local/LPCXpresso/tools/bin/../lib/gcc/arm-none-eabi/4.4.1/../../../../arm-none-eabi/lib/thumb2/libcr_c.a(initio.o)
 .comment       0x0000050a       0x2b /usr/local/LPCXpresso/tools/bin/../lib/gcc/arm-none-eabi/4.4.1/../../../../arm-none-eabi/lib/thumb2/libcr_c.a(raise.o)
 .comment       0x00000535       0x2b /usr/local/LPCXpresso/tools/bin/../lib/gcc/arm-none-eabi/4.4.1/../../../../arm-none-eabi/lib/thumb2/libcr_c.a(setvbuf.o)
 .comment       0x00000560       0x2b /usr/local/LPCXpresso/tools/bin/../lib/gcc/arm-none-eabi/4.4.1/../../../../arm-none-eabi/lib/thumb2/libcr_c.a(__init_alloc.o)
 .comment       0x0000058b       0x2b /usr/local/LPCXpresso/tools/bin/../lib/gcc/arm-none-eabi/4.4.1/../../../../arm-none-eabi/lib/thumb2/libcr_c.a(_fdopen.o)
 .comment       0x000005b6       0x2b /usr/local/LPCXpresso/tools/bin/../lib/gcc/arm-none-eabi/4.4.1/../../../../arm-none-eabi/lib/thumb2/libcr_c.a(_hugeval.o)
 .comment       0x000005e1       0x2b /usr/local/LPCXpresso/tools/bin/../lib/gcc/arm-none-eabi/4.4.1/../../../../arm-none-eabi/lib/thumb2/libcr_c.a(fclose.o)
 .comment       0x0000060c       0x2b /usr/local/LPCXpresso/tools/bin/../lib/gcc/arm-none-eabi/4.4.1/../../../../arm-none-eabi/lib/thumb2/libcr_c.a(fflush.o)
 .comment       0x00000637       0x2b /usr/local/LPCXpresso/tools/bin/../lib/gcc/arm-none-eabi/4.4.1/../../../../arm-none-eabi/lib/thumb2/libcr_c.a(remove.o)
 .comment       0x00000662       0x2b /usr/local/LPCXpresso/tools/bin/../lib/gcc/arm-none-eabi/4.4.1/../../../../arm-none-eabi/lib/thumb2/libcr_c.a(_do_fflush.o)
 .comment       0x0000068d       0x2b /usr/local/LPCXpresso/tools/bin/../lib/gcc/arm-none-eabi/4.4.1/thumb2/libcr_eabihelpers.a(double.o)
 .comment       0x000006b8       0x2b /usr/local/LPCXpresso/tools/bin/../lib/gcc/arm-none-eabi/4.4.1/../../../../arm-none-eabi/lib/thumb2/libcr_semihost.a(_cr_sbrk.o)
 .comment       0x000006e3       0x2b /usr/local/LPCXpresso/tools/bin/../lib/gcc/arm-none-eabi/4.4.1/../../../../arm-none-eabi/lib/thumb2/libcr_semihost.a(_cr_check_heap.o)

.ARM.attributes
                0x00000000       0x2f
 .ARM.attributes
                0x00000000       0x31 ./cr_startup_lpc17.o
 .ARM.attributes
                0x00000031       0x31 ./main.o
 .ARM.attributes
                0x00000062       0x31 /home/andresdido/workspace/CMSISv1p30_LPC17xx/Debug/libCMSISv1p30_LPC17xx.a(system_LPC17xx.o)
 .ARM.attributes
                0x00000093       0x31 /home/andresdido/workspace/FreeRTOS_Library/Debug/libFreeRTOS_Library.a(queue.o)
 .ARM.attributes
                0x000000c4       0x31 /home/andresdido/workspace/FreeRTOS_Library/Debug/libFreeRTOS_Library.a(tasks.o)
 .ARM.attributes
                0x000000f5       0x31 /home/andresdido/workspace/FreeRTOS_Library/Debug/libFreeRTOS_Library.a(heap_2.o)
 .ARM.attributes
                0x00000126       0x31 /home/andresdido/workspace/FreeRTOS_Library/Debug/libFreeRTOS_Library.a(port.o)
 .ARM.attributes
                0x00000157       0x31 /home/andresdido/workspace/FreeRTOS_Library/Debug/libFreeRTOS_Library.a(consoleprint.o)
 .ARM.attributes
                0x00000188       0x31 /home/andresdido/workspace/FreeRTOS_Library/Debug/libFreeRTOS_Library.a(list.o)
 .ARM.attributes
                0x000001b9       0x21 /usr/local/LPCXpresso/tools/bin/../lib/gcc/arm-none-eabi/4.4.1/../../../../arm-none-eabi/lib/thumb2/libcr_semihost.a(__sys_write.o)
 .ARM.attributes
                0x000001da       0x31 /usr/local/LPCXpresso/tools/bin/../lib/gcc/arm-none-eabi/4.4.1/../../../../arm-none-eabi/lib/thumb2/libcr_c.a(fpprintf.o)
 .ARM.attributes
                0x0000020b       0x31 /usr/local/LPCXpresso/tools/bin/../lib/gcc/arm-none-eabi/4.4.1/../../../../arm-none-eabi/lib/thumb2/libcr_c.a(memcmp.o)
 .ARM.attributes
                0x0000023c       0x31 /usr/local/LPCXpresso/tools/bin/../lib/gcc/arm-none-eabi/4.4.1/../../../../arm-none-eabi/lib/thumb2/libcr_c.a(printf.o)
 .ARM.attributes
                0x0000026d       0x31 /usr/local/LPCXpresso/tools/bin/../lib/gcc/arm-none-eabi/4.4.1/../../../../arm-none-eabi/lib/thumb2/libcr_c.a(stdio.o)
 .ARM.attributes
                0x0000029e       0x31 /usr/local/LPCXpresso/tools/bin/../lib/gcc/arm-none-eabi/4.4.1/../../../../arm-none-eabi/lib/thumb2/libcr_c.a(stdlib.o)
 .ARM.attributes
                0x000002cf       0x31 /usr/local/LPCXpresso/tools/bin/../lib/gcc/arm-none-eabi/4.4.1/../../../../arm-none-eabi/lib/thumb2/libcr_c.a(strlen.o)
 .ARM.attributes
                0x00000300       0x31 /usr/local/LPCXpresso/tools/bin/../lib/gcc/arm-none-eabi/4.4.1/../../../../arm-none-eabi/lib/thumb2/libcr_c.a(strncpy.o)
 .ARM.attributes
                0x00000331       0x31 /usr/local/LPCXpresso/tools/bin/../lib/gcc/arm-none-eabi/4.4.1/../../../../arm-none-eabi/lib/thumb2/libcr_c.a(memcpy.o)
 .ARM.attributes
                0x00000362       0x31 /usr/local/LPCXpresso/tools/bin/../lib/gcc/arm-none-eabi/4.4.1/../../../../arm-none-eabi/lib/thumb2/libcr_c.a(memset.o)
 .ARM.attributes
                0x00000393       0x31 /usr/local/LPCXpresso/tools/bin/../lib/gcc/arm-none-eabi/4.4.1/../../../../arm-none-eabi/lib/thumb2/libcr_c.a(__fillbuf.o)
 .ARM.attributes
                0x000003c4       0x31 /usr/local/LPCXpresso/tools/bin/../lib/gcc/arm-none-eabi/4.4.1/../../../../arm-none-eabi/lib/thumb2/libcr_c.a(_deferredlazyseek.o)
 .ARM.attributes
                0x000003f5       0x31 /usr/local/LPCXpresso/tools/bin/../lib/gcc/arm-none-eabi/4.4.1/../../../../arm-none-eabi/lib/thumb2/libcr_c.a(_fflush.o)
 .ARM.attributes
                0x00000426       0x31 /usr/local/LPCXpresso/tools/bin/../lib/gcc/arm-none-eabi/4.4.1/../../../../arm-none-eabi/lib/thumb2/libcr_c.a(_frexpl.o)
 .ARM.attributes
                0x00000457       0x31 /usr/local/LPCXpresso/tools/bin/../lib/gcc/arm-none-eabi/4.4.1/../../../../arm-none-eabi/lib/thumb2/libcr_c.a(_ldexpl.o)
 .ARM.attributes
                0x00000488       0x31 /usr/local/LPCXpresso/tools/bin/../lib/gcc/arm-none-eabi/4.4.1/../../../../arm-none-eabi/lib/thumb2/libcr_c.a(_writebuf.o)
 .ARM.attributes
                0x000004b9       0x31 /usr/local/LPCXpresso/tools/bin/../lib/gcc/arm-none-eabi/4.4.1/../../../../arm-none-eabi/lib/thumb2/libcr_c.a(alloc.o)
 .ARM.attributes
                0x000004ea       0x31 /usr/local/LPCXpresso/tools/bin/../lib/gcc/arm-none-eabi/4.4.1/../../../../arm-none-eabi/lib/thumb2/libcr_c.a(ctype.o)
 .ARM.attributes
                0x0000051b       0x31 /usr/local/LPCXpresso/tools/bin/../lib/gcc/arm-none-eabi/4.4.1/../../../../arm-none-eabi/lib/thumb2/libcr_c.a(errno.o)
 .ARM.attributes
                0x0000054c       0x31 /usr/local/LPCXpresso/tools/bin/../lib/gcc/arm-none-eabi/4.4.1/../../../../arm-none-eabi/lib/thumb2/libcr_c.a(fseek.o)
 .ARM.attributes
                0x0000057d       0x31 /usr/local/LPCXpresso/tools/bin/../lib/gcc/arm-none-eabi/4.4.1/../../../../arm-none-eabi/lib/thumb2/libcr_c.a(ftell.o)
 .ARM.attributes
                0x000005ae       0x31 /usr/local/LPCXpresso/tools/bin/../lib/gcc/arm-none-eabi/4.4.1/../../../../arm-none-eabi/lib/thumb2/libcr_c.a(initio.o)
 .ARM.attributes
                0x000005df       0x31 /usr/local/LPCXpresso/tools/bin/../lib/gcc/arm-none-eabi/4.4.1/../../../../arm-none-eabi/lib/thumb2/libcr_c.a(raise.o)
 .ARM.attributes
                0x00000610       0x31 /usr/local/LPCXpresso/tools/bin/../lib/gcc/arm-none-eabi/4.4.1/../../../../arm-none-eabi/lib/thumb2/libcr_c.a(setvbuf.o)
 .ARM.attributes
                0x00000641       0x31 /usr/local/LPCXpresso/tools/bin/../lib/gcc/arm-none-eabi/4.4.1/../../../../arm-none-eabi/lib/thumb2/libcr_c.a(__init_alloc.o)
 .ARM.attributes
                0x00000672       0x31 /usr/local/LPCXpresso/tools/bin/../lib/gcc/arm-none-eabi/4.4.1/../../../../arm-none-eabi/lib/thumb2/libcr_c.a(_fdopen.o)
 .ARM.attributes
                0x000006a3       0x31 /usr/local/LPCXpresso/tools/bin/../lib/gcc/arm-none-eabi/4.4.1/../../../../arm-none-eabi/lib/thumb2/libcr_c.a(_hugeval.o)
 .ARM.attributes
                0x000006d4       0x31 /usr/local/LPCXpresso/tools/bin/../lib/gcc/arm-none-eabi/4.4.1/../../../../arm-none-eabi/lib/thumb2/libcr_c.a(fclose.o)
 .ARM.attributes
                0x00000705       0x31 /usr/local/LPCXpresso/tools/bin/../lib/gcc/arm-none-eabi/4.4.1/../../../../arm-none-eabi/lib/thumb2/libcr_c.a(fflush.o)
 .ARM.attributes
                0x00000736       0x31 /usr/local/LPCXpresso/tools/bin/../lib/gcc/arm-none-eabi/4.4.1/../../../../arm-none-eabi/lib/thumb2/libcr_c.a(remove.o)
 .ARM.attributes
                0x00000767       0x31 /usr/local/LPCXpresso/tools/bin/../lib/gcc/arm-none-eabi/4.4.1/../../../../arm-none-eabi/lib/thumb2/libcr_c.a(_do_fflush.o)
 .ARM.attributes
                0x00000798       0x31 /usr/local/LPCXpresso/tools/bin/../lib/gcc/arm-none-eabi/4.4.1/thumb2/libcr_eabihelpers.a(double.o)
 .ARM.attributes
                0x000007c9       0x21 /usr/local/LPCXpresso/tools/bin/../lib/gcc/arm-none-eabi/4.4.1/thumb2/libcr_eabihelpers.a(memcpy.o)
 .ARM.attributes
                0x000007ea       0x21 /usr/local/LPCXpresso/tools/bin/../lib/gcc/arm-none-eabi/4.4.1/../../../../arm-none-eabi/lib/thumb2/libcr_semihost.a(__sys_appexit.o)
 .ARM.attributes
                0x0000080b       0x21 /usr/local/LPCXpresso/tools/bin/../lib/gcc/arm-none-eabi/4.4.1/../../../../arm-none-eabi/lib/thumb2/libcr_semihost.a(__sys_close.o)
 .ARM.attributes
                0x0000082c       0x21 /usr/local/LPCXpresso/tools/bin/../lib/gcc/arm-none-eabi/4.4.1/../../../../arm-none-eabi/lib/thumb2/libcr_semihost.a(__sys_flen.o)
 .ARM.attributes
                0x0000084d       0x21 /usr/local/LPCXpresso/tools/bin/../lib/gcc/arm-none-eabi/4.4.1/../../../../arm-none-eabi/lib/thumb2/libcr_semihost.a(__sys_istty.o)
 .ARM.attributes
                0x0000086e       0x21 /usr/local/LPCXpresso/tools/bin/../lib/gcc/arm-none-eabi/4.4.1/../../../../arm-none-eabi/lib/thumb2/libcr_semihost.a(__sys_read.o)
 .ARM.attributes
                0x0000088f       0x21 /usr/local/LPCXpresso/tools/bin/../lib/gcc/arm-none-eabi/4.4.1/../../../../arm-none-eabi/lib/thumb2/libcr_semihost.a(__sys_readc.o)
 .ARM.attributes
                0x000008b0       0x21 /usr/local/LPCXpresso/tools/bin/../lib/gcc/arm-none-eabi/4.4.1/../../../../arm-none-eabi/lib/thumb2/libcr_semihost.a(__sys_remove.o)
 .ARM.attributes
                0x000008d1       0x21 /usr/local/LPCXpresso/tools/bin/../lib/gcc/arm-none-eabi/4.4.1/../../../../arm-none-eabi/lib/thumb2/libcr_semihost.a(__sys_rename.o)
 .ARM.attributes
                0x000008f2       0x21 /usr/local/LPCXpresso/tools/bin/../lib/gcc/arm-none-eabi/4.4.1/../../../../arm-none-eabi/lib/thumb2/libcr_semihost.a(__sys_seek.o)
 .ARM.attributes
                0x00000913       0x21 /usr/local/LPCXpresso/tools/bin/../lib/gcc/arm-none-eabi/4.4.1/../../../../arm-none-eabi/lib/thumb2/libcr_semihost.a(__sys_tmpnam.o)
 .ARM.attributes
                0x00000934       0x31 /usr/local/LPCXpresso/tools/bin/../lib/gcc/arm-none-eabi/4.4.1/../../../../arm-none-eabi/lib/thumb2/libcr_semihost.a(_cr_sbrk.o)
 .ARM.attributes
                0x00000965       0x31 /usr/local/LPCXpresso/tools/bin/../lib/gcc/arm-none-eabi/4.4.1/../../../../arm-none-eabi/lib/thumb2/libcr_semihost.a(_cr_check_heap.o)

.debug_frame    0x00000000      0x854
 .debug_frame   0x00000000      0x120 ./cr_startup_lpc17.o
 .debug_frame   0x00000120       0xd4 ./main.o
 .debug_frame   0x000001f4       0x40 /home/andresdido/workspace/CMSISv1p30_LPC17xx/Debug/libCMSISv1p30_LPC17xx.a(system_LPC17xx.o)
 .debug_frame   0x00000234      0x1a0 /home/andresdido/workspace/FreeRTOS_Library/Debug/libFreeRTOS_Library.a(queue.o)
 .debug_frame   0x000003d4      0x2c4 /home/andresdido/workspace/FreeRTOS_Library/Debug/libFreeRTOS_Library.a(tasks.o)
 .debug_frame   0x00000698       0x6c /home/andresdido/workspace/FreeRTOS_Library/Debug/libFreeRTOS_Library.a(heap_2.o)
 .debug_frame   0x00000704       0xc0 /home/andresdido/workspace/FreeRTOS_Library/Debug/libFreeRTOS_Library.a(port.o)
 .debug_frame   0x000007c4       0x28 /home/andresdido/workspace/FreeRTOS_Library/Debug/libFreeRTOS_Library.a(consoleprint.o)
 .debug_frame   0x000007ec       0x68 /home/andresdido/workspace/FreeRTOS_Library/Debug/libFreeRTOS_Library.a(list.o)
